{
    "title": "DNA Extraction",
    "notes": "Lorem ipsum dolor sit amet, consectetur adipiscing elit. Nam sed purus eu urna vehicula ultrices at vel quam. Aliquam erat volutpat. Quisque imperdiet ut urna ut dapibus. Sed placerat, libero at ullamcorper pharetra, massa tellus sagittis eros, in feugiat est libero et turpis. Sed ac efficitur mi, at porttitor elit.",
    "process": "\nSuspendisse ultrices elit ex, sit amet porttitor justo convallis eget. Integer quis felis eleifend, venenatis.\nSed ultricies lacus eu justo laoreet, sed maximus libero faucibus. Nulla sit amet imperdiet erat. Pellentesque ultrices, felis at auctor.\n",
    "modules": [
        "MagDeck",
        "CoolDeck",
        "HeatDeck"
    ],
    "description": "Line1\nLine2\nLine3",
    "time-estimate": "22 Minutes at 3000 mm/sec",
    "reagents": [
        "Reagent Name",
        "Reagent Name"
    ],
    "author": "Opentrons",
    "internal": "Link To Google Doc",
    "partner": "Stanford",
    "categories": {
        "Sample Prep": [],
        "Molecular Biology": []
    },
    "markdown": {
        "title": "DNA Extraction",
        "notes": "Lorem ipsum dolor sit amet, consectetur adipiscing elit. Nam sed purus eu urna vehicula ultrices at vel quam. Aliquam erat volutpat. Quisque imperdiet ut urna ut dapibus. Sed placerat, libero at ullamcorper pharetra, massa tellus sagittis eros, in feugiat est libero et turpis. Sed ac efficitur mi, at porttitor elit.\n\n\n",
        "process": "1. Suspendisse ultrices elit ex, sit amet porttitor justo convallis eget. Integer quis felis eleifend, venenatis.\n2. Sed ultricies lacus eu justo laoreet, sed maximus libero faucibus. Nulla sit amet imperdiet erat. Pellentesque ultrices, felis at auctor.\n\n\n",
        "internal": "[Link To Google Doc](https://docs.google.com/presentation/d/1T90uIaz3ci-UPK3x-OkrLX0x0_hDDQClusc5U2qAYWs/edit#slide=id.p7)\n",
        "modules": "* MagDeck\n* CoolDeck\n* HeatDeck\n\n",
        "description": "Line1\nLine2\n\nLine3\n\n",
        "time-estimate": "22 Minutes at 3000 mm/sec\n\n",
        "reagents": "* [Reagent Name](url)\n* [Reagent Name](url)\n\n",
        "categories": "* Sample Prep\n* Molecular Biology\n\n",
        "partner": "[Stanford](url)\n\n",
        "author": "[Opentrons](url)\n\n",
        "robot": "* OT PRO \n* OT Standard\n* OT Hood\n\n"
    },
    "robot": [
        "OT PRO ",
        "OT Standard",
        "OT Hood"
    ]
}

